   ▲ Next.js 15.5.13

   Creating an optimized production build ...
 ⚠ Compiled with warnings in 26.4s

./node_modules/@opentelemetry/instrumentation/build/esm/platform/node/instrumentation.js
Critical dependency: the request of a dependency is an expression

Import trace for requested module:
./node_modules/@opentelemetry/instrumentation/build/esm/platform/node/instrumentation.js
./node_modules/@opentelemetry/instrumentation/build/esm/platform/node/index.js
./node_modules/@opentelemetry/instrumentation/build/esm/platform/index.js
./node_modules/@opentelemetry/instrumentation/build/esm/index.js
./node_modules/@sentry/node/build/cjs/integrations/tracing/postgresjs.js
./node_modules/@sentry/node/build/cjs/index.js
./node_modules/@sentry/nextjs/build/cjs/index.server.js
./lib/error-tracking.tsx

 ✓ Compiled successfully in 40.0s
   Linting and checking validity of types ...
   Collecting page data ...
   Generating static pages (0/34) ...
   Generating static pages (8/34) 
Missing Firebase config: apiKey, messagingSenderId, appId
Missing Firebase config: apiKey, messagingSenderId, appId
   Generating static pages (16/34) 
[v0] Auth middleware error: Error: Dynamic server usage: Route /admin/seed-data couldn't be rendered statically because it used `cookies`. See more info here: https://nextjs.org/docs/messages/dynamic-server-error
    at s (.next/server/chunks/1331.js:1:28648)
    at n (.next/server/chunks/4802.js:1:3214)
    at k (.next/server/app/admin/page.js:1:1196)
    at n (.next/server/app/admin/page.js:1:2273)
    at p (.next/server/app/admin/page.js:1:2382)
    at stringify (<anonymous>) {
  description: "Route /admin/seed-data couldn't be rendered statically because it used `cookies`. See more info here: https://nextjs.org/docs/messages/dynamic-server-error",
  digest: 'DYNAMIC_SERVER_USAGE'
}
[v0] Auth middleware error: Error: Dynamic server usage: Route /admin couldn't be rendered statically because it used `cookies`. See more info here: https://nextjs.org/docs/messages/dynamic-server-error
    at s (.next/server/chunks/1331.js:1:28648)
    at n (.next/server/chunks/4802.js:1:3214)
    at k (.next/server/app/admin/page.js:1:1196)
    at n (.next/server/app/admin/page.js:1:2273)
    at p (.next/server/app/admin/page.js:1:2382)
    at stringify (<anonymous>) {
  description: "Route /admin couldn't be rendered statically because it used `cookies`. See more info here: https://nextjs.org/docs/messages/dynamic-server-error",
  digest: 'DYNAMIC_SERVER_USAGE'
}
   Generating static pages (25/34) 
 ✓ Generating static pages (34/34)
[v0] Auth middleware error: Error: Dynamic server usage: Route /admin/backups couldn't be rendered statically because it used `cookies`. See more info here: https://nextjs.org/docs/messages/dynamic-server-error
    at s (.next/server/chunks/1331.js:1:28648)
    at n (.next/server/chunks/4802.js:1:3214)
    at k (.next/server/app/admin/page.js:1:1196)
    at n (.next/server/app/admin/page.js:1:2273)
    at p (.next/server/app/admin/page.js:1:2382)
    at stringify (<anonymous>) {
  description: "Route /admin/backups couldn't be rendered statically because it used `cookies`. See more info here: https://nextjs.org/docs/messages/dynamic-server-error",
  digest: 'DYNAMIC_SERVER_USAGE'
}
   Finalizing page optimization ...
   Collecting build traces ...

Route (app)                                 Size  First Load JS
┌ ○ /                                    5.35 kB         111 kB
├ ○ /_not-found                            165 B         102 kB
├ ƒ /admin                                 714 B         117 kB
├ ƒ /admin/backups                         165 B         102 kB
├ ƒ /admin/seed-data                     8.64 kB         245 kB
├ ƒ /api/advisor/quick-log                 165 B         102 kB
├ ƒ /api/advisor/suggest                   165 B         102 kB
├ ƒ /api/auth/session                      165 B         102 kB
├ ƒ /api/backups                           165 B         102 kB
├ ƒ /api/health                            165 B         102 kB
├ ƒ /api/init-db                           165 B         102 kB
├ ƒ /api/lessons                           165 B         102 kB
├ ƒ /api/lessons/[id]                      165 B         102 kB
├ ƒ /api/state-requirements                165 B         102 kB
├ ƒ /api/upload                            165 B         102 kB
├ ○ /design-system                       4.41 kB         303 kB
├ ○ /family                              6.94 kB         305 kB
├ ○ /family/calm                         4.16 kB         296 kB
├ ƒ /family/kid/[kidId]                  3.45 kB         295 kB
├ ○ /invite/accept                       6.89 kB         119 kB
├ ƒ /kid/[kidId]                         6.58 kB         119 kB
├ ○ /library                             3.64 kB         298 kB
├ ○ /offline                             2.83 kB         115 kB
├ ○ /onboarding                          4.37 kB         271 kB
├ ○ /people                              2.88 kB         298 kB
├ ○ /privacy-policy                        169 B         105 kB
├ ○ /profile                             3.42 kB         295 kB
├ ○ /reset-password                      6.54 kB         239 kB
├ ○ /settings                            7.05 kB         299 kB
├ ○ /settings/compliance                 5.22 kB         304 kB
├ ○ /sign-in                             4.21 kB         321 kB
├ ○ /sign-up                             4.67 kB         321 kB
├ ○ /teach                               3.76 kB         298 kB
├ ƒ /teach/[sessionId]                   17.6 kB         135 kB
├ ○ /terms-of-service                      169 B         105 kB
├ ○ /today                                 12 kB         306 kB
└ ○ /verify-email                        8.25 kB         237 kB
+ First Load JS shared by all             102 kB
  ├ chunks/1255-c32318a942e40e3e.js      45.7 kB
  ├ chunks/4bd1b696-100b9d70ed4e49c1.js  54.2 kB
  └ other shared chunks (total)          1.94 kB


ƒ Middleware                             33.8 kB

○  (Static)   prerendered as static content
ƒ  (Dynamic)  server-rendered on demand

