   ▲ Next.js 15.5.13
   - Local:        http://localhost:3000
   - Network:      http://192.0.2.2:3000

 ✓ Starting...
 ✓ Ready in 386ms
[firebase-admin] FIREBASE_ADMIN_PRIVATE_KEY / FIREBASE_ADMIN_PROJECT_ID / FIREBASE_ADMIN_CLIENT_EMAIL not set. Server actions (family, profile) will return EMPTY data. Set these env vars in production.
Missing Firebase config: apiKey, messagingSenderId, appId
(node:15947) ExperimentalWarning: SQLite is an experimental feature and might change at any time
(Use `node --trace-warnings ...` to show where the warning was created)
[v0] Auth middleware error: i: No authentication token provided
    at k (.next/server/chunks/3905.js:1:7094)
    at async n (.next/server/chunks/3905.js:1:8044)
    at async q (.next/server/chunks/3905.js:212:228)
    at async r (.next/server/chunks/3905.js:212:328)
    at async m (.next/server/app/profile/page.js:1:15301) {
  statusCode: 401,
  isOperational: true
}
[v0] Auth middleware error: i: No authentication token provided
    at k (.next/server/chunks/3905.js:1:7094)
    at async n (.next/server/chunks/3905.js:1:8044)
    at async q (.next/server/chunks/3905.js:212:228)
    at async t (.next/server/chunks/3905.js:232:228)
    at async m (.next/server/app/profile/page.js:1:15301) {
  statusCode: 401,
  isOperational: true
}
[v0] Auth middleware error: i: No authentication token provided
    at k (.next/server/chunks/3905.js:1:7094)
    at async n (.next/server/chunks/3905.js:1:8044)
    at async q (.next/server/chunks/3905.js:212:228)
    at async A (.next/server/chunks/3905.js:280:87)
    at async m (.next/server/app/profile/page.js:1:15301) {
  statusCode: 401,
  isOperational: true
}
[v0] Auth middleware error: i: No authentication token provided
    at k (.next/server/chunks/3905.js:1:7094)
    at async n (.next/server/chunks/3905.js:1:8044)
    at async q (.next/server/chunks/3905.js:212:228)
    at async z (.next/server/chunks/3905.js:271:654)
    at async m (.next/server/app/profile/page.js:1:15301) {
  statusCode: 401,
  isOperational: true
}
[v0] Auth middleware error: j: No authentication token provided
    at k (.next/server/app/admin/backups/page.js:1:14315)
    at async n (.next/server/app/admin/backups/page.js:1:15269)
    at async p (.next/server/app/admin/backups/page.js:1:15378) {
  statusCode: 401,
  isOperational: true
}
[v0] Auth middleware error: j: No authentication token provided
    at k (.next/server/app/admin/backups/page.js:1:14315)
    at async n (.next/server/app/admin/backups/page.js:1:15269)
    at async p (.next/server/app/admin/backups/page.js:1:15378) {
  statusCode: 401,
  isOperational: true
}
[v0] Auth middleware error: j: No authentication token provided
    at k (.next/server/app/admin/backups/page.js:1:14315)
    at async n (.next/server/app/admin/backups/page.js:1:15269)
    at async p (.next/server/app/admin/backups/page.js:1:15378) {
  statusCode: 401,
  isOperational: true
}
Killed
